// Jest Snapshot v1, https://goo.gl/fbAQLP

exports[`WorkoutDetail Functionality matches snapshot 1`] = `
<DocumentFragment>
  <div
    class="w-75 pt-3 container"
  >
    <div>
      <div
        class="d-flex column-gap-3"
      >
        <button
          class="btn btn-danger"
        >
          <a
            href="/workouts"
            style="text-decoration: none; color: white;"
          >
            Back to Workouts
          </a>
        </button>
        <button
          class="btn btn-secondary"
          type="button"
        >
          Edit Workout Information
        </button>
      </div>
      <div>
        <div
          class="my-2 p-2 w-25 card"
        >
          <div
            class="d-flex flex-row"
          >
            <button
              class="btn btn-danger"
            >
              Delete Workout
            </button>
            <svg
              aria-hidden="true"
              class="svg-inline--fa fa-star fa-lg "
              data-icon="star"
              data-prefix="fas"
              focusable="false"
              role="img"
              type="button"
              viewBox="0 0 576 512"
              xmlns="http://www.w3.org/2000/svg"
            >
              <path
                d="M316.9 18C311.6 7 300.4 0 288.1 0s-23.4 7-28.8 18L195 150.3 51.4 171.5c-12 1.8-22 10.2-25.7 21.7s-.7 24.2 7.9 32.7L137.8 329 113.2 474.7c-2 12 3 24.2 12.9 31.3s23 8 33.8 2.3l128.3-68.5 128.3 68.5c10.8 5.7 23.9 4.9 33.8-2.3s14.9-19.3 12.9-31.3L438.5 329 542.7 225.9c8.6-8.5 11.7-21.2 7.9-32.7s-13.7-19.9-25.7-21.7L381.2 150.3 316.9 18z"
                fill="currentColor"
              />
            </svg>
          </div>
          <div
            class="fs-3 card-title"
          />
          <div
            class="card-body"
          >
            <p
              class="card-text"
            >
              Type of Workout:
            </p>
          </div>
        </div>
      </div>
      <div
        class="card"
      >
        <div
          class="d-flex flex-grow-1 flex-column align-item-center row-gap-3 card-body"
        >
          <p
            class="d-flex flex-column align-items-center fs-4 card-text"
          >
            Circuits
          </p>
          <hr
            class="w-100 mt-0"
          />
          <p />
          <div
            class="d-flex flex-row justify-content-center align-items-center column-gap-3"
          >
            <span>
              Add A Circuit
            </span>
            <svg
              aria-hidden="true"
              class="svg-inline--fa fa-square-plus "
              data-icon="square-plus"
              data-prefix="fas"
              focusable="false"
              role="img"
              type="button"
              viewBox="0 0 448 512"
              xmlns="http://www.w3.org/2000/svg"
            >
              <path
                d="M64 32C28.7 32 0 60.7 0 96L0 416c0 35.3 28.7 64 64 64l320 0c35.3 0 64-28.7 64-64l0-320c0-35.3-28.7-64-64-64L64 32zM200 344l0-64-64 0c-13.3 0-24-10.7-24-24s10.7-24 24-24l64 0 0-64c0-13.3 10.7-24 24-24s24 10.7 24 24l0 64 64 0c13.3 0 24 10.7 24 24s-10.7 24-24 24l-64 0 0 64c0 13.3-10.7 24-24 24s-24-10.7-24-24z"
                fill="currentColor"
              />
            </svg>
          </div>
        </div>
      </div>
    </div>
  </div>
</DocumentFragment>
`;
