// Jest Snapshot v1, https://goo.gl/fbAQLP

exports[`matches snapshot 1`] = `
<DocumentFragment>
  <div
    class=""
  >
    <div>
      <nav
        class="navbar bg-light"
      >
        <div
          class="container-fluid"
        >
          <div
            class="d-flex justify-content-between flex-grow-1"
          >
            <a
              class="fs-2 me-5 navbar-brand"
              href="/"
            >
              Fitly
            </a>
            <div
              class="d-flex flex-column align-items-center"
            >
              <button
                aria-label="Toggle navigation"
                class="me-5 d-flex flex-column flex-grow-1 navbar-toggler"
                type="button"
              >
                <span
                  class="navbar-toggler-icon"
                />
              </button>
              <div
                class="collapse navbar-collapse"
              >
                <div
                  class="nav"
                >
                  <div
                    class="d-flex flex-column align-items-center"
                  >
                    <li
                      class="nav-item"
                    >
                      <a
                        class="nav-link"
                        href="/"
                      >
                        Login
                      </a>
                    </li>
                    <li
                      class="nav-item"
                    >
                      <a
                        class="nav-link"
                        href="/register"
                      >
                        Signup
                      </a>
                    </li>
                  </div>
                </div>
              </div>
            </div>
          </div>
        </div>
      </nav>
    </div>
    <div
      class="d-flex justify-content-center m-5 "
    >
      <div
        class="d-flex flex-column align-items-center p-5 card"
      >
        <div
          class="d-flex flex-column justify-content-center align-items-center"
        >
          <h3>
            Login
          </h3>
          <form
            action="#"
            class="d-flex flex-column align-items-center"
          >
            <div
              class="d-flex flex-column align-items-left row-gap-2"
            >
              <div
                class="d-flex justify-content-between column-gap-3"
              >
                <label
                  class="fs-4"
                  for="username"
                >
                  Username:
                </label>
                <input
                  name="username"
                  type="username"
                  value=""
                />
              </div>
              <div
                style="color: red;"
              />
              <div
                class="d-flex justify-content-between column-gap-3"
              >
                <label
                  class="fs-4"
                  for="password"
                >
                  Password:
                </label>
                <input
                  name="password"
                  type="password"
                  value=""
                />
              </div>
              <div
                style="color: red;"
              />
            </div>
            <button
              class="my-4"
              id="loginFormSubmitButton"
              type="submit"
            >
              Login
            </button>
          </form>
        </div>
        <hr
          class="w-75"
        />
        <p>
          New to Fitly?
        </p>
        <a
          href="/register"
        >
          Sign Up Here
        </a>
      </div>
    </div>
  </div>
</DocumentFragment>
`;
