// Jest Snapshot v1, https://goo.gl/fbAQLP

exports[`NotFound Functionality matches snapshot 1`] = `
<DocumentFragment>
  <div
    class="d-flex flex-column align-items-center"
  >
    <h1
      class="pb-3"
    >
      404 - Page Not Found
    </h1>
    <p>
      The page you are looking for does not exist.
    </p>
  </div>
</DocumentFragment>
`;
