// Jest Snapshot v1, https://goo.gl/fbAQLP

exports[`Category Functionality matches snapshot 1`] = `
<DocumentFragment>
  <h1>
    name
  </h1>
</DocumentFragment>
`;
