// Jest Snapshot v1, https://goo.gl/fbAQLP

exports[`NavBar Functionality matches snapshot 1`] = `
<DocumentFragment>
  <div>
    <nav
      class="navbar bg-light"
    >
      <div
        class="container-fluid"
      >
        <div
          class="d-flex justify-content-between flex-grow-1"
        >
          <a
            class="fs-2 me-5 navbar-brand"
            href="/"
          >
            Fitly
          </a>
          <div>
            <button
              aria-label="Toggle navigation"
              class="me-5 d-flex flex-column flex-grow-1 navbar-toggler"
              type="button"
            >
              <span
                class="navbar-toggler-icon"
              />
            </button>
            <div
              class="collapse navbar-collapse"
            >
              <div
                class="nav"
              >
                <div
                  class="d-flex flex-column align-items-center"
                >
                  <li
                    class="nav-item"
                  >
                    <a
                      class="nav-link"
                      href="/account"
                    >
                      Account
                    </a>
                  </li>
                  <li
                    class="nav-item"
                  >
                    <a
                      class="nav-link"
                      href="/exercises"
                    >
                      Exercises
                    </a>
                  </li>
                  <li
                    class="nav-item"
                  >
                    <a
                      class="nav-link"
                      href="/workouts"
                    >
                      Workouts
                    </a>
                  </li>
                  <li
                    class="nav-item"
                  >
                    <a
                      class="nav-link"
                      href="/"
                    >
                      Sign Out
                    </a>
                  </li>
                </div>
              </div>
            </div>
          </div>
        </div>
      </div>
    </nav>
  </div>
</DocumentFragment>
`;
