// Jest Snapshot v1, https://goo.gl/fbAQLP

exports[`Homepage Functionality matches snapshot 1`] = `<DocumentFragment />`;
